(TranslationUnit
    (SymbolTable
        1
        {
            __main__:
                (Module
                    (SymbolTable
                        2
                        {
                            __main__global_stmts:
                                (Function
                                    (SymbolTable
                                        213
                                        {
                                            
                                        })
                                    __main__global_stmts
                                    (FunctionType
                                        []
                                        ()
                                        Source
                                        Implementation
                                        ()
                                        .false.
                                        .false.
                                        .false.
                                        .false.
                                        .false.
                                        []
                                        .false.
                                    )
                                    [check]
                                    []
                                    [(SubroutineCall
                                        2 check
                                        ()
                                        []
                                        ()
                                    )]
                                    ()
                                    Public
                                    .false.
                                    .false.
                                    ()
                                ),
                            check:
                                (Function
                                    (SymbolTable
                                        212
                                        {
                                            
                                        })
                                    check
                                    (FunctionType
                                        []
                                        ()
                                        Source
                                        Implementation
                                        ()
                                        .false.
                                        .false.
                                        .false.
                                        .false.
                                        .false.
                                        []
                                        .false.
                                    )
                                    [test_array_01
                                    test_array_02]
                                    []
                                    [(SubroutineCall
                                        2 test_array_01
                                        ()
                                        []
                                        ()
                                    )
                                    (SubroutineCall
                                        2 test_array_02
                                        ()
                                        []
                                        ()
                                    )]
                                    ()
                                    Public
                                    .false.
                                    .false.
                                    ()
                                ),
                            test_array_01:
                                (Function
                                    (SymbolTable
                                        210
                                        {
                                            eps:
                                                (Variable
                                                    210
                                                    eps
                                                    []
                                                    Local
                                                    ()
                                                    ()
                                                    Default
                                                    (Real 8)
                                                    ()
                                                    Source
                                                    Public
                                                    Required
                                                    .false.
                                                    .false.
                                                    .false.
                                                    ()
                                                    .false.
                                                    .false.
                                                ),
                                            x:
                                                (Variable
                                                    210
                                                    x
                                                    []
                                                    Local
                                                    ()
                                                    ()
                                                    Default
                                                    (Array
                                                        (Real 8)
                                                        [((IntegerConstant 0 (Integer 4) Decimal)
                                                        (IntegerConstant 3 (Integer 4) Decimal))]
                                                        FixedSizeArray
                                                    )
                                                    ()
                                                    Source
                                                    Public
                                                    Required
                                                    .false.
                                                    .false.
                                                    .false.
                                                    ()
                                                    .false.
                                                    .false.
                                                )
                                        })
                                    test_array_01
                                    (FunctionType
                                        []
                                        ()
                                        Source
                                        Implementation
                                        ()
                                        .false.
                                        .false.
                                        .false.
                                        .false.
                                        .false.
                                        []
                                        .false.
                                    )
                                    []
                                    []
                                    [(Assignment
                                        (Var 210 x)
                                        (ArrayConstant
                                            24
                                            [1.0000000000000000e+00, 2.0000000000000000e+00, 3.0000000000000000e+00]
                                            (Array
                                                (Real 8)
                                                [((IntegerConstant 0 (Integer 4) Decimal)
                                                (IntegerConstant 3 (Integer 4) Decimal))]
                                                PointerToDataArray
                                            )
                                            RowMajor
                                        )
                                        ()
                                        .false.
                                    )
                                    (Assignment
                                        (Var 210 eps)
                                        (RealConstant
                                            0.000000
                                            (Real 8)
                                        )
                                        ()
                                        .false.
                                    )
                                    (Assert
                                        (RealCompare
                                            (IntrinsicElementalFunction
                                                Abs
                                                [(RealBinOp
                                                    (ArrayItem
                                                        (Var 210 x)
                                                        [(()
                                                        (IntegerConstant 0 (Integer 4) Decimal)
                                                        ())]
                                                        (Real 8)
                                                        RowMajor
                                                        ()
                                                    )
                                                    Sub
                                                    (RealConstant
                                                        1.000000
                                                        (Real 8)
                                                    )
                                                    (Real 8)
                                                    ()
                                                )]
                                                0
                                                (Real 8)
                                                ()
                                            )
                                            Lt
                                            (Var 210 eps)
                                            (Logical 4)
                                            ()
                                        )
                                        ()
                                    )
                                    (Assert
                                        (RealCompare
                                            (IntrinsicElementalFunction
                                                Abs
                                                [(RealBinOp
                                                    (ArrayItem
                                                        (Var 210 x)
                                                        [(()
                                                        (IntegerConstant 1 (Integer 4) Decimal)
                                                        ())]
                                                        (Real 8)
                                                        RowMajor
                                                        ()
                                                    )
                                                    Sub
                                                    (RealConstant
                                                        2.000000
                                                        (Real 8)
                                                    )
                                                    (Real 8)
                                                    ()
                                                )]
                                                0
                                                (Real 8)
                                                ()
                                            )
                                            Lt
                                            (Var 210 eps)
                                            (Logical 4)
                                            ()
                                        )
                                        ()
                                    )
                                    (Assert
                                        (RealCompare
                                            (IntrinsicElementalFunction
                                                Abs
                                                [(RealBinOp
                                                    (ArrayItem
                                                        (Var 210 x)
                                                        [(()
                                                        (IntegerConstant 2 (Integer 4) Decimal)
                                                        ())]
                                                        (Real 8)
                                                        RowMajor
                                                        ()
                                                    )
                                                    Sub
                                                    (RealConstant
                                                        3.000000
                                                        (Real 8)
                                                    )
                                                    (Real 8)
                                                    ()
                                                )]
                                                0
                                                (Real 8)
                                                ()
                                            )
                                            Lt
                                            (Var 210 eps)
                                            (Logical 4)
                                            ()
                                        )
                                        ()
                                    )]
                                    ()
                                    Public
                                    .false.
                                    .false.
                                    ()
                                ),
                            test_array_02:
                                (Function
                                    (SymbolTable
                                        211
                                        {
                                            eps:
                                                (Variable
                                                    211
                                                    eps
                                                    []
                                                    Local
                                                    ()
                                                    ()
                                                    Default
                                                    (Real 8)
                                                    ()
                                                    Source
                                                    Public
                                                    Required
                                                    .false.
                                                    .false.
                                                    .false.
                                                    ()
                                                    .false.
                                                    .false.
                                                ),
                                            x:
                                                (Variable
                                                    211
                                                    x
                                                    []
                                                    Local
                                                    ()
                                                    ()
                                                    Default
                                                    (Array
                                                        (Integer 4)
                                                        [((IntegerConstant 0 (Integer 4) Decimal)
                                                        (IntegerConstant 3 (Integer 4) Decimal))]
                                                        FixedSizeArray
                                                    )
                                                    ()
                                                    Source
                                                    Public
                                                    Required
                                                    .false.
                                                    .false.
                                                    .false.
                                                    ()
                                                    .false.
                                                    .false.
                                                )
                                        })
                                    test_array_02
                                    (FunctionType
                                        []
                                        ()
                                        Source
                                        Implementation
                                        ()
                                        .false.
                                        .false.
                                        .false.
                                        .false.
                                        .false.
                                        []
                                        .false.
                                    )
                                    []
                                    []
                                    [(Assignment
                                        (Var 211 x)
                                        (ArrayConstant
                                            12
                                            [1, 2, 3]
                                            (Array
                                                (Integer 4)
                                                [((IntegerConstant 0 (Integer 4) Decimal)
                                                (IntegerConstant 3 (Integer 4) Decimal))]
                                                PointerToDataArray
                                            )
                                            RowMajor
                                        )
                                        ()
                                        .false.
                                    )
                                    (Assignment
                                        (Var 211 eps)
                                        (RealConstant
                                            0.000000
                                            (Real 8)
                                        )
                                        ()
                                        .false.
                                    )
                                    (Assert
                                        (RealCompare
                                            (Cast
                                                (IntrinsicElementalFunction
                                                    Abs
                                                    [(IntegerBinOp
                                                        (ArrayItem
                                                            (Var 211 x)
                                                            [(()
                                                            (IntegerConstant 0 (Integer 4) Decimal)
                                                            ())]
                                                            (Integer 4)
                                                            RowMajor
                                                            ()
                                                        )
                                                        Sub
                                                        (IntegerConstant 1 (Integer 4) Decimal)
                                                        (Integer 4)
                                                        ()
                                                    )]
                                                    0
                                                    (Integer 4)
                                                    ()
                                                )
                                                IntegerToReal
                                                (Real 8)
                                                ()
                                            )
                                            Lt
                                            (Var 211 eps)
                                            (Logical 4)
                                            ()
                                        )
                                        ()
                                    )
                                    (Assert
                                        (RealCompare
                                            (Cast
                                                (IntrinsicElementalFunction
                                                    Abs
                                                    [(IntegerBinOp
                                                        (ArrayItem
                                                            (Var 211 x)
                                                            [(()
                                                            (IntegerConstant 1 (Integer 4) Decimal)
                                                            ())]
                                                            (Integer 4)
                                                            RowMajor
                                                            ()
                                                        )
                                                        Sub
                                                        (IntegerConstant 2 (Integer 4) Decimal)
                                                        (Integer 4)
                                                        ()
                                                    )]
                                                    0
                                                    (Integer 4)
                                                    ()
                                                )
                                                IntegerToReal
                                                (Real 8)
                                                ()
                                            )
                                            Lt
                                            (Var 211 eps)
                                            (Logical 4)
                                            ()
                                        )
                                        ()
                                    )
                                    (Assert
                                        (RealCompare
                                            (Cast
                                                (IntrinsicElementalFunction
                                                    Abs
                                                    [(IntegerBinOp
                                                        (ArrayItem
                                                            (Var 211 x)
                                                            [(()
                                                            (IntegerConstant 2 (Integer 4) Decimal)
                                                            ())]
                                                            (Integer 4)
                                                            RowMajor
                                                            ()
                                                        )
                                                        Sub
                                                        (IntegerConstant 3 (Integer 4) Decimal)
                                                        (Integer 4)
                                                        ()
                                                    )]
                                                    0
                                                    (Integer 4)
                                                    ()
                                                )
                                                IntegerToReal
                                                (Real 8)
                                                ()
                                            )
                                            Lt
                                            (Var 211 eps)
                                            (Logical 4)
                                            ()
                                        )
                                        ()
                                    )]
                                    ()
                                    Public
                                    .false.
                                    .false.
                                    ()
                                )
                        })
                    __main__
                    [numpy]
                    ()
                    .false.
                    .false.
                ),
            lpython_builtin:
                (IntrinsicModule lpython_builtin),
            main_program:
                (Program
                    (SymbolTable
                        214
                        {
                            __main__global_stmts:
                                (ExternalSymbol
                                    214
                                    __main__global_stmts
                                    2 __main__global_stmts
                                    __main__
                                    []
                                    __main__global_stmts
                                    Public
                                )
                        })
                    main_program
                    [__main__]
                    [(SubroutineCall
                        214 __main__global_stmts
                        2 __main__global_stmts
                        []
                        ()
                    )]
                ),
            numpy:
                (Module numpy)
        })
    []
)
